/g/g20/shen9/compiled/sxdefectalign --charge=0 --ecut 34 --eps 5 --center --relative --vdef ./LOCPOT --vref ../relax_2/LOCPOT --vasp
Option '--center': vector is missing.

Usage:
sxdefectalign {-i|--input <file>} | {--axis1 <vector> --axis2 <vector> --axis3
              <vector>} {--ecut <energy (Ry)> [--gstep <step size>] [--relative]
              [--printRho]} {[--csrb <(screening vector)^2>]} {[--tensor
              <tensor>] [-e|--eps <constant>]} {--vref <potential file> --vdef
              <potential file> [--defInHartree] [--refInHartree] [--vasp]
              [--socorro] [--qe] [--printPot] [--structDef <SPHInX structure
              file>] [--structRef <SPHInX structure file>] [--atomAverage
              <length>] [--field] [--anticore[=rcut[,nPoints[,order]]]]
              [--format[=matrix|separate]]} [--average <length>] [-C|--align
              <align>]
Options parsed repeatedly:
              {[-q|--charge <excess electrons>] [--beta <length>(*)]
              [--vertical-eps <value(s)>] --pos|--center <vector>} {--gamma
              <length> --expnorm <<0..1>>}
The parsing of all these options restarts after any of the following options: --pos --center --vertical-eps
Options marked with (*) keep their settings until reset.

Further options:
              [--log-components[=options]] [--log[=filename]] [--quiet]
              [-v|--version|--opts] [-h|--help|--usage] [--about]
Option -h or alternatives lists the detailed help.
