/g/g20/shen9/compiled/sxdefectalign --charge=0 --ecut 34 --eps 5 --center 0.16666664,0.33333324,0.1657773 --relative --vdef ./LOCPOT --vref ../bulk/LOCPOT --vasp
VASP mesh: 96 x 96 x 160
cell defect = [a1={12.0524,0,0},a2={-6.02621,10.4377,0},a3={0,0,19.6243}]
VASP mesh: 96 x 96 x 160
cell bulk = [a1={12.0524,0,0},a2={-6.02621,10.4377,0},a3={0,0,19.6243}]
Excess Electrons = 0 located at {-3.8886e-07,3.47923,3.25326}
Atomic structure specified.
ng=8280
V average: 0 eV
vAlign=0 eV
+-----------------------------------------------------------------------------
=== Intermediate results (unscreened) ===
Isolated energy       : 0
Periodic energy       : 0
Difference (Hartree)  : 0
Difference (eV)       : 0
+-----------------------------------------------------------------------------
Calculation performed with epsilon = 5
+-----------------------------------------------------------------------------
Defect correction (eV): 0 (incl. screening & alignment)
