/g/g20/shen9/compiled/sxdefectalign --charge=1 --ecut 34 --eps 5 --center 0.16666602,0.33333386,0.16692487 --relative --vdef ./LOCPOT --vref ../bulk/LOCPOT --vasp --align 0.14016700517571093
VASP mesh: 96 x 96 x 160
cell defect = [a1={12.0524,0,0},a2={-6.02621,10.4377,0},a3={0,0,19.6243}]
VASP mesh: 96 x 96 x 160
cell bulk = [a1={12.0524,0,0},a2={-6.02621,10.4377,0},a3={0,0,19.6243}]
Excess Electrons = 1 located at {-1.15976e-05,3.47924,3.27578}
Atomic structure specified.
ng=8280
V average: -0.0346281 eV
vAlign=0.140167 eV
+-----------------------------------------------------------------------------
=== Intermediate results (unscreened) ===
Isolated energy       : 0.398942
Periodic energy       : 0.30583
Difference (Hartree)  : -0.0931126
Difference (eV)       : -2.53372
+-----------------------------------------------------------------------------
Calculation performed with epsilon = 5
+-----------------------------------------------------------------------------
Defect correction (eV): 0.366577 (incl. screening & alignment)
